// Jest Snapshot v1, https://goo.gl/fbAQLP

exports[`should render MyQuizzesPage component 1`] = `
<div>
  Sorry, page not found.
</div>
`;
